[{"stream_name":"stderr","time":8.194096325,"data":"0.00s - Debugger warning: It seems that frozen modules are being used, which may\n"}
,{"stream_name":"stderr","time":8.194162689,"data":"0.00s - make the debugger miss breakpoints. Please pass -Xfrozen_modules=off\n"}
,{"stream_name":"stderr","time":8.194168942,"data":"0.00s - to python to disable frozen modules.\n"}
,{"stream_name":"stderr","time":8.194172588,"data":"0.00s - Note: Debugging will proceed. Set PYDEVD_DISABLE_FILE_VALIDATION=1 to disable this validation.\n"}
,{"stream_name":"stderr","time":8.826021068,"data":"0.00s - Debugger warning: It seems that frozen modules are being used, which may\n"}
,{"stream_name":"stderr","time":8.82605068,"data":"0.00s - make the debugger miss breakpoints. Please pass -Xfrozen_modules=off\n"}
,{"stream_name":"stderr","time":8.826055925,"data":"0.00s - to python to disable frozen modules.\n"}
,{"stream_name":"stderr","time":8.826059877,"data":"0.00s - Note: Debugging will proceed. Set PYDEVD_DISABLE_FILE_VALIDATION=1 to disable this validation.\n"}
,{"stream_name":"stdout","time":15.577184501,"data":"torch 2.10.0+cu128 cuda available: True\n"}
,{"stream_name":"stdout","time":15.577233751,"data":"dataset: /kaggle/input/deleted-dataset\n"}
,{"stream_name":"stdout","time":15.577237963,"data":"previous output: /kaggle/input/polyfish-trainer\n"}
,{"stream_name":"stdout","time":89.42855098,"data":"fresh games: 1 | replay window: 15 | model present: True\n"}
,{"stream_name":"stdout","time":230.619642712,"data":"Device: cuda  |  torch 2.10.0+cu128  |  CUDA build: 12.8  |  cuda.is_available(): True\n"}
,{"stream_name":"stdout","time":230.61968111,"data":"GPU: Tesla T4\n"}
,{"stream_name":"stdout","time":230.619687847,"data":"Training on 16 files (1 fresh, 15 archived, 0 teacher).\n"}
,{"stream_name":"stdout","time":230.619707584,"data":"Could not load model: state_dict mismatch: missing=['v_fc1.weight', 'v_fc1.bias', 'v_fc2.weight', 'v_fc2.bias'] unexpected=['v_fc_shared.bias', 'v_fc_shared.weight', 'v_pool_bn.bias', 'v_pool_bn.num_batches_tracked', 'v_pool_bn.running_mean', 'v_pool_bn.running_var', 'v_pool_bn.weight', 'v_pool_conv.bias', 'v_pool_conv.weight']\n"}
,{"stream_name":"stdout","time":230.619713115,"data":"Starting from scratch.\n"}
,{"stream_name":"stdout","time":230.619716064,"data":"\n"}
,{"stream_name":"stdout","time":230.619719036,"data":"=== Epoch 1/5 ===\n"}
,{"stream_name":"stdout","time":230.619721959,"data":"Epoch 1: Loading chunk 1/2 (10 files)...\n"}
,{"stream_name":"stdout","time":230.619724939,"data":"  Loaded 78985 samples.\n"}
,{"stream_name":"stdout","time":230.619727819,"data":"  Reporting ~10/494 sampled batches.\n"}
,{"stream_name":"stdout","time":230.619730778,"data":"  Epoch 1 batch 1/494 (chunk 1/2 1/309) - loss: 4.9893 (policy: 1.8997, value: 3.0527, ownership: 0.0369) - 0.5 batch/s\n"}
,{"stream_name":"stdout","time":230.61973381,"data":"  Epoch 1 batch 55/494 (chunk 1/2 55/309) - loss: 3.1641 (policy: 2.0401, value: 1.0885, ownership: 0.0355) - 12.2 batch/s\n"}
,{"stream_name":"stdout","time":230.61973695,"data":"  Epoch 1 batch 110/494 (chunk 1/2 110/309) - loss: 3.0468 (policy: 2.0541, value: 0.9570, ownership: 0.0356) - 15.5 batch/s\n"}
,{"stream_name":"stdout","time":230.619888588,"data":"  Epoch 1 batch 165/494 (chunk 1/2 165/309) - loss: 3.0128 (policy: 2.0713, value: 0.9060, ownership: 0.0356) - 17.1 batch/s\n"}
,{"stream_name":"stdout","time":230.619907805,"data":"  Epoch 1 batch 220/494 (chunk 1/2 220/309) - loss: 2.9925 (policy: 2.0784, value: 0.8785, ownership: 0.0356) - 18.1 batch/s\n"}
,{"stream_name":"stdout","time":230.619912013,"data":"  Epoch 1 batch 274/494 (chunk 1/2 274/309) - loss: 2.9795 (policy: 2.0856, value: 0.8582, ownership: 0.0356) - 18.7 batch/s\n"}
,{"stream_name":"stdout","time":230.61992594,"data":"Epoch 1: Loading chunk 2/2 (6 files)...\n"}
,{"stream_name":"stdout","time":230.619928587,"data":"  Loaded 40276 samples.\n"}
,{"stream_name":"stdout","time":230.619930863,"data":"  Epoch 1 batch 329/494 (chunk 2/2 20/158) - loss: 2.9562 (policy: 2.0824, value: 0.8390, ownership: 0.0349) - 20.0 batch/s\n"}
,{"stream_name":"stdout","time":230.619933235,"data":"  Epoch 1 batch 384/494 (chunk 2/2 75/158) - loss: 2.8867 (policy: 2.0509, value: 0.8028, ownership: 0.0330) - 21.4 batch/s\n"}
,{"stream_name":"stdout","time":230.61993558,"data":"  Epoch 1 batch 439/494 (chunk 2/2 130/158) - loss: 2.8326 (policy: 2.0272, value: 0.7737, ownership: 0.0317) - 21.7 batch/s\n"}
,{"stream_name":"stdout","time":230.61993807,"data":"Epoch 1/5 - Loss: 2.8122 (Policy: 2.0195, Value: 0.7616, Ownership: 0.0311)\n"}
,{"stream_name":"stdout","time":230.619940357,"data":"\n"}
,{"stream_name":"stdout","time":230.619942572,"data":"=== Epoch 2/5 ===\n"}
,{"stream_name":"stdout","time":230.619944757,"data":"Epoch 2: Loading chunk 1/2 (10 files)...\n"}
,{"stream_name":"stdout","time":230.619947064,"data":"  Loaded 56951 samples.\n"}
,{"stream_name":"stdout","time":230.619949207,"data":"  Reporting ~10/356 sampled batches.\n"}
,{"stream_name":"stdout","time":230.619951437,"data":"  Epoch 2 batch 1/356 (chunk 1/2 1/223) - loss: 2.1993 (policy: 1.6652, value: 0.5118, ownership: 0.0224) - 15.2 batch/s\n"}
,{"stream_name":"stdout","time":230.619953778,"data":"  Epoch 2 batch 40/356 (chunk 1/2 40/223) - loss: 2.3346 (policy: 1.7474, value: 0.5643, ownership: 0.0229) - 21.2 batch/s\n"}
,{"stream_name":"stdout","time":230.6199562,"data":"  Epoch 2 batch 79/356 (chunk 1/2 79/223) - loss: 2.3309 (policy: 1.7491, value: 0.5589, ownership: 0.0228) - 21.5 batch/s\n"}
,{"stream_name":"stdout","time":230.619965972,"data":"  Epoch 2 batch 119/356 (chunk 1/2 119/223) - loss: 2.3314 (policy: 1.7484, value: 0.5602, ownership: 0.0227) - 21.7 batch/s\n"}
,{"stream_name":"stdout","time":230.619968425,"data":"  Epoch 2 batch 158/356 (chunk 1/2 158/223) - loss: 2.3319 (policy: 1.7472, value: 0.5620, ownership: 0.0227) - 21.7 batch/s\n"}
,{"stream_name":"stdout","time":230.619971197,"data":"  Epoch 2 batch 198/356 (chunk 1/2 198/223) - loss: 2.3283 (policy: 1.7460, value: 0.5596, ownership: 0.0227) - 21.8 batch/s\n"}
,{"stream_name":"stdout","time":230.619973539,"data":"Epoch 2: Loading chunk 2/2 (6 files)...\n"}
,{"stream_name":"stdout","time":230.61997583,"data":"  Loaded 62310 samples.\n"}
,{"stream_name":"stdout","time":230.619977959,"data":"  Epoch 2 batch 237/356 (chunk 2/2 14/244) - loss: 2.4092 (policy: 1.7930, value: 0.5924, ownership: 0.0238) - 19.5 batch/s\n"}
,{"stream_name":"stdout","time":230.619981122,"data":"  Epoch 2 batch 277/356 (chunk 2/2 54/244) - loss: 2.5303 (policy: 1.8738, value: 0.6306, ownership: 0.0260) - 21.2 batch/s\n"}
,{"stream_name":"stdout","time":230.61998346,"data":"  Epoch 2 batch 316/356 (chunk 2/2 93/244) - loss: 2.6040 (policy: 1.9269, value: 0.6496, ownership: 0.0275) - 21.5 batch/s\n"}
,{"stream_name":"stdout","time":230.619985862,"data":"  Epoch 2 batch 356/356 (chunk 2/2 133/244) - loss: 2.6650 (policy: 1.9669, value: 0.6695, ownership: 0.0287) - 21.6 batch/s\n"}
,{"stream_name":"stdout","time":230.619988179,"data":"Epoch 2/5 - Loss: 2.7615 (Policy: 2.0318, Value: 0.6987, Ownership: 0.0310)\n"}
,{"stream_name":"stdout","time":230.619990426,"data":"\n"}
,{"stream_name":"stdout","time":230.619992588,"data":"=== Epoch 3/5 ===\n"}
,{"stream_name":"stdout","time":230.619994749,"data":"Epoch 3: Loading chunk 1/2 (10 files)...\n"}
,{"stream_name":"stdout","time":230.620013074,"data":"  Loaded 99326 samples.\n"}
,{"stream_name":"stdout","time":230.620017026,"data":"  Reporting ~10/621 sampled batches.\n"}
,{"stream_name":"stdout","time":230.62002543,"data":"  Epoch 3 batch 1/621 (chunk 1/2 1/388) - loss: 2.7420 (policy: 1.9930, value: 0.7148, ownership: 0.0341) - 16.1 batch/s\n"}
,{"stream_name":"stdout","time":230.620029717,"data":"  Epoch 3 batch 69/621 (chunk 1/2 69/388) - loss: 2.7979 (policy: 2.0441, value: 0.7214, ownership: 0.0325) - 21.5 batch/s\n"}
,{"stream_name":"stdout","time":230.620033389,"data":"  Epoch 3 batch 138/621 (chunk 1/2 138/388) - loss: 2.7809 (policy: 2.0189, value: 0.7296, ownership: 0.0324) - 21.6 batch/s\n"}
,{"stream_name":"stdout","time":230.620037355,"data":"  Epoch 3 batch 207/621 (chunk 1/2 207/388) - loss: 2.7790 (policy: 2.0253, value: 0.7212, ownership: 0.0325) - 21.7 batch/s\n"}
,{"stream_name":"stdout","time":230.620040974,"data":"  Epoch 3 batch 276/621 (chunk 1/2 276/388) - loss: 2.7639 (policy: 2.0195, value: 0.7119, ownership: 0.0325) - 21.7 batch/s\n"}
,{"stream_name":"stdout","time":230.620044587,"data":"  Epoch 3 batch 345/621 (chunk 1/2 345/388) - loss: 2.7619 (policy: 2.0195, value: 0.7098, ownership: 0.0325) - 21.7 batch/s\n"}
,{"stream_name":"stdout","time":230.620048214,"data":"Epoch 3: Loading chunk 2/2 (6 files)...\n"}
,{"stream_name":"stdout","time":230.620051553,"data":"  Loaded 19935 samples.\n"}
,{"stream_name":"stdout","time":230.620054919,"data":"  Epoch 3 batch 414/621 (chunk 2/2 26/78) - loss: 2.7263 (policy: 1.9962, value: 0.6980, ownership: 0.0321) - 21.5 batch/s\n"}
,{"stream_name":"stdout","time":230.620058453,"data":"Epoch 3/5 - Loss: 2.6735 (Policy: 1.9639, Value: 0.6783, Ownership: 0.0313)\n"}
,{"stream_name":"stdout","time":230.620061945,"data":"\n"}
,{"stream_name":"stdout","time":230.620065127,"data":"=== Epoch 4/5 ===\n"}
,{"stream_name":"stdout","time":230.620068357,"data":"Epoch 4: Loading chunk 1/2 (10 files)...\n"}
,{"stream_name":"stdout","time":230.620071662,"data":"  Loaded 58308 samples.\n"}
,{"stream_name":"stdout","time":230.620074914,"data":"  Reporting ~10/365 sampled batches.\n"}
,{"stream_name":"stdout","time":230.620078175,"data":"  Epoch 4 batch 1/365 (chunk 1/2 1/228) - loss: 2.3094 (policy: 1.6254, value: 0.6600, ownership: 0.0240) - 15.6 batch/s\n"}
,{"stream_name":"stdout","time":230.620081767,"data":"  Epoch 4 batch 41/365 (chunk 1/2 41/228) - loss: 2.2351 (policy: 1.6540, value: 0.5577, ownership: 0.0233) - 20.8 batch/s\n"}
,{"stream_name":"stdout","time":230.620086987,"data":"  Epoch 4 batch 81/365 (chunk 1/2 81/228) - loss: 2.2295 (policy: 1.6532, value: 0.5531, ownership: 0.0233) - 21.2 batch/s\n"}
,{"stream_name":"stdout","time":230.620093862,"data":"  Epoch 4 batch 122/365 (chunk 1/2 122/228) - loss: 2.2200 (policy: 1.6467, value: 0.5500, ownership: 0.0233) - 21.3 batch/s\n"}
,{"stream_name":"stdout","time":230.620096388,"data":"  Epoch 4 batch 162/365 (chunk 1/2 162/228) - loss: 2.2142 (policy: 1.6430, value: 0.5479, ownership: 0.0233) - 21.4 batch/s\n"}
,{"stream_name":"stdout","time":230.620098682,"data":"  Epoch 4 batch 203/365 (chunk 1/2 203/228) - loss: 2.2108 (policy: 1.6409, value: 0.5467, ownership: 0.0232) - 21.4 batch/s\n"}
,{"stream_name":"stdout","time":230.620100997,"data":"Epoch 4: Loading chunk 2/2 (6 files)...\n"}
,{"stream_name":"stdout","time":230.62010316,"data":"  Loaded 60953 samples.\n"}
,{"stream_name":"stdout","time":230.620105294,"data":"  Epoch 4 batch 243/365 (chunk 2/2 15/239) - loss: 2.2856 (policy: 1.6916, value: 0.5697, ownership: 0.0243) - 19.8 batch/s\n"}
,{"stream_name":"stdout","time":230.620107669,"data":"  Epoch 4 batch 284/365 (chunk 2/2 56/239) - loss: 2.4097 (policy: 1.7836, value: 0.5997, ownership: 0.0264) - 21.1 batch/s\n"}
,{"stream_name":"stdout","time":230.620109964,"data":"  Epoch 4 batch 324/365 (chunk 2/2 96/239) - loss: 2.4871 (policy: 1.8424, value: 0.6169, ownership: 0.0278) - 21.1 batch/s\n"}
,{"stream_name":"stdout","time":230.620114624,"data":"  Epoch 4 batch 365/365 (chunk 2/2 137/239) - loss: 2.5430 (policy: 1.8841, value: 0.6299, ownership: 0.0290) - 21.2 batch/s\n"}
,{"stream_name":"stdout","time":230.620117172,"data":"Epoch 4/5 - Loss: 2.6442 (Policy: 1.9635, Value: 0.6499, Ownership: 0.0309)\n"}
,{"stream_name":"stdout","time":230.620119439,"data":"\n"}
,{"stream_name":"stdout","time":230.620121532,"data":"=== Epoch 5/5 ===\n"}
,{"stream_name":"stdout","time":230.620123694,"data":"Epoch 5: Loading chunk 1/2 (10 files)...\n"}
,{"stream_name":"stdout","time":230.620125962,"data":"  Loaded 90112 samples.\n"}
,{"stream_name":"stdout","time":230.620128143,"data":"  Reporting ~10/564 sampled batches.\n"}
,{"stream_name":"stdout","time":230.620130312,"data":"  Epoch 5 batch 1/564 (chunk 1/2 1/352) - loss: 2.7087 (policy: 1.9793, value: 0.6941, ownership: 0.0353) - 17.0 batch/s\n"}
,{"stream_name":"stdout","time":230.620132606,"data":"  Epoch 5 batch 63/564 (chunk 1/2 63/352) - loss: 2.7068 (policy: 1.9962, value: 0.6763, ownership: 0.0343) - 21.3 batch/s\n"}
,{"stream_name":"stdout","time":230.620134991,"data":"  Epoch 5 batch 126/564 (chunk 1/2 126/352) - loss: 2.6908 (policy: 1.9860, value: 0.6706, ownership: 0.0342) - 21.5 batch/s\n"}
,{"stream_name":"stdout","time":230.620137288,"data":"  Epoch 5 batch 188/564 (chunk 1/2 188/352) - loss: 2.6828 (policy: 1.9867, value: 0.6621, ownership: 0.0341) - 21.5 batch/s\n"}
,{"stream_name":"stdout","time":230.620139692,"data":"  Epoch 5 batch 251/564 (chunk 1/2 251/352) - loss: 2.6755 (policy: 1.9791, value: 0.6624, ownership: 0.0341) - 21.6 batch/s\n"}
,{"stream_name":"stdout","time":230.620142078,"data":"  Epoch 5 batch 313/564 (chunk 1/2 313/352) - loss: 2.6751 (policy: 1.9801, value: 0.6609, ownership: 0.0340) - 21.6 batch/s\n"}
,{"stream_name":"stdout","time":230.620144482,"data":"Epoch 5: Loading chunk 2/2 (6 files)...\n"}
,{"stream_name":"stdout","time":230.620146693,"data":"  Loaded 29149 samples.\n"}
,{"stream_name":"stdout","time":230.620148837,"data":"  Epoch 5 batch 376/564 (chunk 2/2 24/114) - loss: 2.6521 (policy: 1.9638, value: 0.6550, ownership: 0.0333) - 21.6 batch/s\n"}
,{"stream_name":"stdout","time":230.620151425,"data":"  Epoch 5 batch 438/564 (chunk 2/2 86/114) - loss: 2.5972 (policy: 1.9273, value: 0.6382, ownership: 0.0318) - 21.7 batch/s\n"}
,{"stream_name":"stdout","time":230.620153779,"data":"Epoch 5/5 - Loss: 2.5774 (Policy: 1.9143, Value: 0.6320, Ownership: 0.0312)\n"}
,{"stream_name":"stdout","time":230.824140961,"data":"Device: cuda  |  torch 2.10.0+cu128  |  CUDA build: 12.8  |  cuda.is_available(): True\n"}
,{"stream_name":"stdout","time":230.824169696,"data":"GPU: Tesla T4\n"}
,{"stream_name":"stdout","time":230.824173725,"data":"Training on 16 files (1 fresh, 15 archived, 0 teacher).\n"}
,{"stream_name":"stdout","time":230.82417893,"data":"Could not load model: state_dict mismatch: missing=['v_fc1.weight', 'v_fc1.bias', 'v_fc2.weight', 'v_fc2.bias'] unexpected=['v_fc_shared.bias', 'v_fc_shared.weight', 'v_pool_bn.bias', 'v_pool_bn.num_batches_tracked', 'v_pool_bn.running_mean', 'v_pool_bn.running_var', 'v_pool_bn.weight', 'v_pool_conv.bias', 'v_pool_conv.weight']\n"}
,{"stream_name":"stdout","time":230.82418391,"data":"Starting from scratch.\n"}
,{"stream_name":"stdout","time":230.824187307,"data":"\n"}
,{"stream_name":"stdout","time":230.82419036,"data":"=== Epoch 1/5 ===\n"}
,{"stream_name":"stdout","time":230.82419347,"data":"Epoch 1: Loading chunk 1/2 (10 files)...\n"}
,{"stream_name":"stdout","time":230.824197032,"data":"  Loaded 78985 samples.\n"}
,{"stream_name":"stdout","time":230.824200199,"data":"  Reporting ~10/494 sampled batches.\n"}
,{"stream_name":"stdout","time":230.824211284,"data":"  Epoch 1 batch 1/494 (chunk 1/2 1/309) - loss: 4.9893 (policy: 1.8997, value: 3.0527, ownership: 0.0369) - 0.5 batch/s\n"}
,{"stream_name":"stdout","time":230.824214963,"data":"  Epoch 1 batch 55/494 (chunk 1/2 55/309) - loss: 3.1641 (policy: 2.0401, value: 1.0885, ownership: 0.0355) - 12.2 batch/s\n"}
,{"stream_name":"stdout","time":230.824218209,"data":"  Epoch 1 batch 110/494 (chunk 1/2 110/309) - loss: 3.0468 (policy: 2.0541, value: 0.9570, ownership: 0.0356) - 15.5 batch/s\n"}
,{"stream_name":"stdout","time":230.824221737,"data":"  Epoch 1 batch 165/494 (chunk 1/2 165/309) - loss: 3.0128 (policy: 2.0713, value: 0.9060, ownership: 0.0356) - 17.1 batch/s\n"}
,{"stream_name":"stdout","time":230.824225042,"data":"  Epoch 1 batch 220/494 (chunk 1/2 220/309) - loss: 2.9925 (policy: 2.0784, value: 0.8785, ownership: 0.0356) - 18.1 batch/s\n"}
,{"stream_name":"stdout","time":230.824228895,"data":"  Epoch 1 batch 274/494 (chunk 1/2 274/309) - loss: 2.9795 (policy: 2.0856, value: 0.8582, ownership: 0.0356) - 18.7 batch/s\n"}
,{"stream_name":"stdout","time":230.82423216,"data":"Epoch 1: Loading chunk 2/2 (6 files)...\n"}
,{"stream_name":"stdout","time":230.824235433,"data":"  Loaded 40276 samples.\n"}
,{"stream_name":"stdout","time":230.824238814,"data":"  Epoch 1 batch 329/494 (chunk 2/2 20/158) - loss: 2.9562 (policy: 2.0824, value: 0.8390, ownership: 0.0349) - 20.0 batch/s\n"}
,{"stream_name":"stdout","time":230.824242888,"data":"  Epoch 1 batch 384/494 (chunk 2/2 75/158) - loss: 2.8867 (policy: 2.0509, value: 0.8028, ownership: 0.0330) - 21.4 batch/s\n"}
,{"stream_name":"stdout","time":230.824246157,"data":"  Epoch 1 batch 439/494 (chunk 2/2 130/158) - loss: 2.8326 (policy: 2.0272, value: 0.7737, ownership: 0.0317) - 21.7 batch/s\n"}
,{"stream_name":"stdout","time":230.824249515,"data":"Epoch 1/5 - Loss: 2.8122 (Policy: 2.0195, Value: 0.7616, Ownership: 0.0311)\n"}
,{"stream_name":"stdout","time":230.824252552,"data":"\n"}
,{"stream_name":"stdout","time":230.824255527,"data":"=== Epoch 2/5 ===\n"}
,{"stream_name":"stdout","time":230.82425867,"data":"Epoch 2: Loading chunk 1/2 (10 files)...\n"}
,{"stream_name":"stdout","time":230.82426194,"data":"  Loaded 56951 samples.\n"}
,{"stream_name":"stdout","time":230.824265277,"data":"  Reporting ~10/356 sampled batches.\n"}
,{"stream_name":"stdout","time":230.824270642,"data":"  Epoch 2 batch 1/356 (chunk 1/2 1/223) - loss: 2.1993 (policy: 1.6652, value: 0.5118, ownership: 0.0224) - 15.2 batch/s\n"}
,{"stream_name":"stdout","time":230.824274075,"data":"  Epoch 2 batch 40/356 (chunk 1/2 40/223) - loss: 2.3346 (policy: 1.7474, value: 0.5643, ownership: 0.0229) - 21.2 batch/s\n"}
,{"stream_name":"stdout","time":230.824277474,"data":"  Epoch 2 batch 79/356 (chunk 1/2 79/223) - loss: 2.3309 (policy: 1.7491, value: 0.5589, ownership: 0.0228) - 21.5 batch/s\n"}
,{"stream_name":"stdout","time":230.824280754,"data":"  Epoch 2 batch 119/356 (chunk 1/2 119/223) - loss: 2.3314 (policy: 1.7484, value: 0.5602, ownership: 0.0227) - 21.7 batch/s\n"}
,{"stream_name":"stdout","time":230.824284252,"data":"  Epoch 2 batch 158/356 (chunk 1/2 158/223) - loss: 2.3319 (policy: 1.7472, value: 0.5620, ownership: 0.0227) - 21.7 batch/s\n"}
,{"stream_name":"stdout","time":230.82428761,"data":"  Epoch 2 batch 198/356 (chunk 1/2 198/223) - loss: 2.3283 (policy: 1.7460, value: 0.5596, ownership: 0.0227) - 21.8 batch/s\n"}
,{"stream_name":"stdout","time":230.824291004,"data":"Epoch 2: Loading chunk 2/2 (6 files)...\n"}
,{"stream_name":"stdout","time":230.824294326,"data":"  Loaded 62310 samples.\n"}
,{"stream_name":"stdout","time":230.824297522,"data":"  Epoch 2 batch 237/356 (chunk 2/2 14/244) - loss: 2.4092 (policy: 1.7930, value: 0.5924, ownership: 0.0238) - 19.5 batch/s\n"}
,{"stream_name":"stdout","time":230.824304389,"data":"  Epoch 2 batch 277/356 (chunk 2/2 54/244) - loss: 2.5303 (policy: 1.8738, value: 0.6306, ownership: 0.0260) - 21.2 batch/s\n"}
,{"stream_name":"stdout","time":230.82430848,"data":"  Epoch 2 batch 316/356 (chunk 2/2 93/244) - loss: 2.6040 (policy: 1.9269, value: 0.6496, ownership: 0.0275) - 21.5 batch/s\n"}
,{"stream_name":"stdout","time":230.824311799,"data":"  Epoch 2 batch 356/356 (chunk 2/2 133/244) - loss: 2.6650 (policy: 1.9669, value: 0.6695, ownership: 0.0287) - 21.6 batch/s\n"}
,{"stream_name":"stdout","time":230.824336807,"data":"Epoch 2/5 - Loss: 2.7615 (Policy: 2.0318, Value: 0.6987, Ownership: 0.0310)\n"}
,{"stream_name":"stdout","time":230.824340602,"data":"\n"}
,{"stream_name":"stdout","time":230.824343825,"data":"=== Epoch 3/5 ===\n"}
,{"stream_name":"stdout","time":230.824347133,"data":"Epoch 3: Loading chunk 1/2 (10 files)...\n"}
,{"stream_name":"stdout","time":230.82435034,"data":"  Loaded 99326 samples.\n"}
,{"stream_name":"stdout","time":230.824353549,"data":"  Reporting ~10/621 sampled batches.\n"}
,{"stream_name":"stdout","time":230.824357005,"data":"  Epoch 3 batch 1/621 (chunk 1/2 1/388) - loss: 2.7420 (policy: 1.9930, value: 0.7148, ownership: 0.0341) - 16.1 batch/s\n"}
,{"stream_name":"stdout","time":230.824360439,"data":"  Epoch 3 batch 69/621 (chunk 1/2 69/388) - loss: 2.7979 (policy: 2.0441, value: 0.7214, ownership: 0.0325) - 21.5 batch/s\n"}
,{"stream_name":"stdout","time":230.824363831,"data":"  Epoch 3 batch 138/621 (chunk 1/2 138/388) - loss: 2.7809 (policy: 2.0189, value: 0.7296, ownership: 0.0324) - 21.6 batch/s\n"}
,{"stream_name":"stdout","time":230.824366963,"data":"  Epoch 3 batch 207/621 (chunk 1/2 207/388) - loss: 2.7790 (policy: 2.0253, value: 0.7212, ownership: 0.0325) - 21.7 batch/s\n"}
,{"stream_name":"stdout","time":230.824371309,"data":"  Epoch 3 batch 276/621 (chunk 1/2 276/388) - loss: 2.7639 (policy: 2.0195, value: 0.7119, ownership: 0.0325) - 21.7 batch/s\n"}
,{"stream_name":"stdout","time":230.824374524,"data":"  Epoch 3 batch 345/621 (chunk 1/2 345/388) - loss: 2.7619 (policy: 2.0195, value: 0.7098, ownership: 0.0325) - 21.7 batch/s\n"}
,{"stream_name":"stdout","time":230.824377784,"data":"Epoch 3: Loading chunk 2/2 (6 files)...\n"}
,{"stream_name":"stdout","time":230.82438076,"data":"  Loaded 19935 samples.\n"}
,{"stream_name":"stdout","time":230.824383844,"data":"  Epoch 3 batch 414/621 (chunk 2/2 26/78) - loss: 2.7263 (policy: 1.9962, value: 0.6980, ownership: 0.0321) - 21.5 batch/s\n"}
,{"stream_name":"stdout","time":230.824387271,"data":"Epoch 3/5 - Loss: 2.6735 (Policy: 1.9639, Value: 0.6783, Ownership: 0.0313)\n"}
,{"stream_name":"stdout","time":230.824390635,"data":"\n"}
,{"stream_name":"stdout","time":230.824393674,"data":"=== Epoch 4/5 ===\n"}
,{"stream_name":"stdout","time":230.82439674,"data":"Epoch 4: Loading chunk 1/2 (10 files)...\n"}
,{"stream_name":"stdout","time":230.824399987,"data":"  Loaded 58308 samples.\n"}
,{"stream_name":"stdout","time":230.824403214,"data":"  Reporting ~10/365 sampled batches.\n"}
,{"stream_name":"stdout","time":230.824406221,"data":"  Epoch 4 batch 1/365 (chunk 1/2 1/228) - loss: 2.3094 (policy: 1.6254, value: 0.6600, ownership: 0.0240) - 15.6 batch/s\n"}
,{"stream_name":"stdout","time":230.82440965,"data":"  Epoch 4 batch 41/365 (chunk 1/2 41/228) - loss: 2.2351 (policy: 1.6540, value: 0.5577, ownership: 0.0233) - 20.8 batch/s\n"}
,{"stream_name":"stdout","time":230.824413181,"data":"  Epoch 4 batch 81/365 (chunk 1/2 81/228) - loss: 2.2295 (policy: 1.6532, value: 0.5531, ownership: 0.0233) - 21.2 batch/s\n"}
,{"stream_name":"stdout","time":230.824416701,"data":"  Epoch 4 batch 122/365 (chunk 1/2 122/228) - loss: 2.2200 (policy: 1.6467, value: 0.5500, ownership: 0.0233) - 21.3 batch/s\n"}
,{"stream_name":"stdout","time":230.824423477,"data":"  Epoch 4 batch 162/365 (chunk 1/2 162/228) - loss: 2.2142 (policy: 1.6430, value: 0.5479, ownership: 0.0233) - 21.4 batch/s\n"}
,{"stream_name":"stdout","time":230.824426953,"data":"  Epoch 4 batch 203/365 (chunk 1/2 203/228) - loss: 2.2108 (policy: 1.6409, value: 0.5467, ownership: 0.0232) - 21.4 batch/s\n"}
,{"stream_name":"stdout","time":230.824430236,"data":"Epoch 4: Loading chunk 2/2 (6 files)...\n"}
,{"stream_name":"stdout","time":230.824433844,"data":"  Loaded 60953 samples.\n"}
,{"stream_name":"stdout","time":230.824437069,"data":"  Epoch 4 batch 243/365 (chunk 2/2 15/239) - loss: 2.2856 (policy: 1.6916, value: 0.5697, ownership: 0.0243) - 19.8 batch/s\n"}
,{"stream_name":"stdout","time":230.8244405,"data":"  Epoch 4 batch 284/365 (chunk 2/2 56/239) - loss: 2.4097 (policy: 1.7836, value: 0.5997, ownership: 0.0264) - 21.1 batch/s\n"}
,{"stream_name":"stdout","time":230.824443896,"data":"  Epoch 4 batch 324/365 (chunk 2/2 96/239) - loss: 2.4871 (policy: 1.8424, value: 0.6169, ownership: 0.0278) - 21.1 batch/s\n"}
,{"stream_name":"stdout","time":230.824447321,"data":"  Epoch 4 batch 365/365 (chunk 2/2 137/239) - loss: 2.5430 (policy: 1.8841, value: 0.6299, ownership: 0.0290) - 21.2 batch/s\n"}
,{"stream_name":"stdout","time":230.824450853,"data":"Epoch 4/5 - Loss: 2.6442 (Policy: 1.9635, Value: 0.6499, Ownership: 0.0309)\n"}
,{"stream_name":"stdout","time":230.82445406,"data":"\n"}
,{"stream_name":"stdout","time":230.824457115,"data":"=== Epoch 5/5 ===\n"}
,{"stream_name":"stdout","time":230.82446001,"data":"Epoch 5: Loading chunk 1/2 (10 files)...\n"}
,{"stream_name":"stdout","time":230.824463279,"data":"  Loaded 90112 samples.\n"}
,{"stream_name":"stdout","time":230.824466288,"data":"  Reporting ~10/564 sampled batches.\n"}
,{"stream_name":"stdout","time":230.824470644,"data":"  Epoch 5 batch 1/564 (chunk 1/2 1/352) - loss: 2.7087 (policy: 1.9793, value: 0.6941, ownership: 0.0353) - 17.0 batch/s\n"}
,{"stream_name":"stdout","time":230.824474612,"data":"  Epoch 5 batch 63/564 (chunk 1/2 63/352) - loss: 2.7068 (policy: 1.9962, value: 0.6763, ownership: 0.0343) - 21.3 batch/s\n"}
,{"stream_name":"stdout","time":230.82447791,"data":"  Epoch 5 batch 126/564 (chunk 1/2 126/352) - loss: 2.6908 (policy: 1.9860, value: 0.6706, ownership: 0.0342) - 21.5 batch/s\n"}
,{"stream_name":"stdout","time":230.824481265,"data":"  Epoch 5 batch 188/564 (chunk 1/2 188/352) - loss: 2.6828 (policy: 1.9867, value: 0.6621, ownership: 0.0341) - 21.5 batch/s\n"}
,{"stream_name":"stdout","time":230.824484898,"data":"  Epoch 5 batch 251/564 (chunk 1/2 251/352) - loss: 2.6755 (policy: 1.9791, value: 0.6624, ownership: 0.0341) - 21.6 batch/s\n"}
,{"stream_name":"stdout","time":230.824488771,"data":"  Epoch 5 batch 313/564 (chunk 1/2 313/352) - loss: 2.6751 (policy: 1.9801, value: 0.6609, ownership: 0.0340) - 21.6 batch/s\n"}
,{"stream_name":"stdout","time":230.824492699,"data":"Epoch 5: Loading chunk 2/2 (6 files)...\n"}
,{"stream_name":"stdout","time":230.82449588,"data":"  Loaded 29149 samples.\n"}
,{"stream_name":"stdout","time":230.824499212,"data":"  Epoch 5 batch 376/564 (chunk 2/2 24/114) - loss: 2.6521 (policy: 1.9638, value: 0.6550, ownership: 0.0333) - 21.6 batch/s\n"}
,{"stream_name":"stdout","time":230.824502609,"data":"  Epoch 5 batch 438/564 (chunk 2/2 86/114) - loss: 2.5972 (policy: 1.9273, value: 0.6382, ownership: 0.0318) - 21.7 batch/s\n"}
,{"stream_name":"stdout","time":230.824506034,"data":"Epoch 5/5 - Loss: 2.5774 (Policy: 1.9143, Value: 0.6320, Ownership: 0.0312)\n"}
,{"stream_name":"stdout","time":233.222551443,"data":"chain output ready: 16 replay file(s)\n"}
,{"stream_name":"stderr","time":236.260854049,"data":"/usr/local/lib/python3.12/dist-packages/mistune.py:435: SyntaxWarning: invalid escape sequence '\\|'\n"}
,{"stream_name":"stderr","time":236.260888914,"data":"  cells[i][c] = re.sub('\\\\\\\\\\|', '|', cell)\n"}
,{"stream_name":"stderr","time":236.434147018,"data":"/usr/local/lib/python3.12/dist-packages/nbconvert/filters/filter_links.py:36: SyntaxWarning: invalid escape sequence '\\_'\n"}
,{"stream_name":"stderr","time":236.434186208,"data":"  text = re.sub(r'_', '\\_', text) # Escape underscores in display text\n"}
,{"stream_name":"stderr","time":237.036478995,"data":"[NbConvertApp] Converting notebook __notebook__.ipynb to notebook\n"}
,{"stream_name":"stderr","time":237.329705424,"data":"[NbConvertApp] Writing 14375 bytes to __notebook__.ipynb\n"}
,{"stream_name":"stderr","time":239.633603005,"data":"[NbConvertApp] Converting notebook __notebook__.ipynb to html\n"}
,{"stream_name":"stderr","time":240.470723563,"data":"[NbConvertApp] Writing 298041 bytes to __results__.html\n"}
]