[{"stream_name":"stderr","time":7.940208328,"data":"0.00s - Debugger warning: It seems that frozen modules are being used, which may\n"}
,{"stream_name":"stderr","time":7.940326468,"data":"0.00s - make the debugger miss breakpoints. Please pass -Xfrozen_modules=off\n"}
,{"stream_name":"stderr","time":7.94033282,"data":"0.00s - to python to disable frozen modules.\n"}
,{"stream_name":"stderr","time":7.940337485,"data":"0.00s - Note: Debugging will proceed. Set PYDEVD_DISABLE_FILE_VALIDATION=1 to disable this validation.\n"}
,{"stream_name":"stderr","time":8.712004177,"data":"0.00s - Debugger warning: It seems that frozen modules are being used, which may\n"}
,{"stream_name":"stderr","time":8.712059172,"data":"0.00s - make the debugger miss breakpoints. Please pass -Xfrozen_modules=off\n"}
,{"stream_name":"stderr","time":8.712065617,"data":"0.00s - to python to disable frozen modules.\n"}
,{"stream_name":"stderr","time":8.712069731,"data":"0.00s - Note: Debugging will proceed. Set PYDEVD_DISABLE_FILE_VALIDATION=1 to disable this validation.\n"}
,{"stream_name":"stdout","time":12.388042172,"data":"Requirement already satisfied: safetensors in /usr/local/lib/python3.12/dist-packages (0.7.0)\r\n"}
,{"stream_name":"stdout","time":12.388102433,"data":"Requirement already satisfied: torch in /usr/local/lib/python3.12/dist-packages (2.10.0+cpu)\r\n"}
,{"stream_name":"stdout","time":12.388108012,"data":"Requirement already satisfied: filelock in /usr/local/lib/python3.12/dist-packages (from torch) (3.29.0)\r\n"}
,{"stream_name":"stdout","time":12.388111778,"data":"Requirement already satisfied: typing-extensions\u003e=4.10.0 in /usr/local/lib/python3.12/dist-packages (from torch) (4.15.0)\r\n"}
,{"stream_name":"stdout","time":12.388115369,"data":"Requirement already satisfied: setuptools in /usr/local/lib/python3.12/dist-packages (from torch) (81.0.0)\r\n"}
,{"stream_name":"stdout","time":12.388118589,"data":"Requirement already satisfied: sympy\u003e=1.13.3 in /usr/local/lib/python3.12/dist-packages (from torch) (1.14.0)\r\n"}
,{"stream_name":"stdout","time":12.388121649,"data":"Requirement already satisfied: networkx\u003e=2.5.1 in /usr/local/lib/python3.12/dist-packages (from torch) (3.6.1)\r\n"}
,{"stream_name":"stdout","time":12.388125141,"data":"Requirement already satisfied: jinja2 in /usr/local/lib/python3.12/dist-packages (from torch) (3.1.6)\r\n"}
,{"stream_name":"stdout","time":12.388129211,"data":"Requirement already satisfied: fsspec\u003e=0.8.5 in /usr/local/lib/python3.12/dist-packages (from torch) (2025.3.0)\r\n"}
,{"stream_name":"stdout","time":12.438544486,"data":"Requirement already satisfied: mpmath\u003c1.4,\u003e=1.1.0 in /usr/local/lib/python3.12/dist-packages (from sympy\u003e=1.13.3-\u003etorch) (1.3.0)\r\n"}
,{"stream_name":"stdout","time":12.438579992,"data":"Requirement already satisfied: MarkupSafe\u003e=2.0 in /usr/local/lib/python3.12/dist-packages (from jinja2-\u003etorch) (3.0.3)\r\n"}
,{"stream_name":"stderr","time":15.408178668,"data":"Traceback (most recent call last):\n"}
,{"stream_name":"stderr","time":15.408219966,"data":"  File \"\u003cstring\u003e\", line 1, in \u003cmodule\u003e\n"}
,{"stream_name":"stderr","time":15.40822833,"data":"  File \"/usr/local/lib/python3.12/dist-packages/papermill/execute.py\", line 131, in execute_notebook\n"}
,{"stream_name":"stderr","time":15.408415073,"data":"    raise_for_execution_errors(nb, output_path)\n"}
,{"stream_name":"stderr","time":15.408440217,"data":"  File \"/usr/local/lib/python3.12/dist-packages/papermill/execute.py\", line 251, in raise_for_execution_errors\n"}
,{"stream_name":"stderr","time":15.408661072,"data":"    raise error\n"}
,{"stream_name":"stderr","time":15.40877227,"data":"papermill.exceptions.PapermillExecutionError: \n"}
,{"stream_name":"stderr","time":15.408826204,"data":"---------------------------------------------------------------------------\n"}
,{"stream_name":"stderr","time":15.408833954,"data":"Exception encountered at \"In [1]\":\n"}
,{"stream_name":"stderr","time":15.408842065,"data":"---------------------------------------------------------------------------\n"}
,{"stream_name":"stderr","time":15.408844878,"data":"FileNotFoundError                         Traceback (most recent call last)\n"}
,{"stream_name":"stderr","time":15.408847793,"data":"/tmp/ipykernel_16/4175061748.py in \u003ccell line: 0\u003e()\n"}
,{"stream_name":"stderr","time":15.408851135,"data":"      8         break\n"}
,{"stream_name":"stderr","time":15.408853772,"data":"      9 if not dataset_path:\n"}
,{"stream_name":"stderr","time":15.408856614,"data":"---\u003e 10     raise FileNotFoundError('Could not find train.py in /kaggle/input')\n"}
,{"stream_name":"stderr","time":15.4088597,"data":"     11 print('Found dataset path:', dataset_path)\n"}
,{"stream_name":"stderr","time":15.408862416,"data":"     12 working_dir = '/kaggle/working'\n"}
,{"stream_name":"stderr","time":15.408865091,"data":"\n"}
,{"stream_name":"stderr","time":15.408867696,"data":"FileNotFoundError: Could not find train.py in /kaggle/input\n"}
,{"stream_name":"stderr","time":15.408883469,"data":"\n"}
,{"stream_name":"stderr","time":18.257021768,"data":"/usr/local/lib/python3.12/dist-packages/mistune.py:435: SyntaxWarning: invalid escape sequence '\\|'\n"}
,{"stream_name":"stderr","time":18.257063871,"data":"  cells[i][c] = re.sub('\\\\\\\\\\|', '|', cell)\n"}
,{"stream_name":"stderr","time":18.441036703,"data":"/usr/local/lib/python3.12/dist-packages/nbconvert/filters/filter_links.py:36: SyntaxWarning: invalid escape sequence '\\_'\n"}
,{"stream_name":"stderr","time":18.44106736,"data":"  text = re.sub(r'_', '\\_', text) # Escape underscores in display text\n"}
,{"stream_name":"stderr","time":19.167432041,"data":"[NbConvertApp] Converting notebook __notebook__.ipynb to notebook\n"}
,{"stream_name":"stderr","time":19.544897501,"data":"[NbConvertApp] Writing 5824 bytes to __notebook__.ipynb\n"}
,{"stream_name":"stderr","time":22.723323889,"data":"[NbConvertApp] Converting notebook __notebook__.ipynb to html\n"}
,{"stream_name":"stderr","time":23.763256581,"data":"[NbConvertApp] Writing 280499 bytes to __results__.html\n"}
]